2025-05-26T13:45:31.158966Z  INFO mgb_rust: Logger initialized with level: Level(Info)
2025-05-26T13:49:15.287551Z  INFO mgb_rust: Logger initialized with level: Level(Info)
2025-05-26T13:49:23.868760Z  INFO mgb_rust: Logger initialized with level: Level(Info)
2025-05-26T13:49:25.164812Z  INFO mgb_rust: Logger initialized with level: Level(Info)
2025-05-26T13:49:26.293238Z  INFO mgb_rust: Logger initialized with level: Level(Info)
2025-05-26T13:50:00.588295Z  INFO mgb_rust: MGB app initialized
2025-05-26T13:50:04.680208Z  INFO mgb_rust: MGB app initialized
2025-05-26T14:02:24.163870Z  INFO mgb_rust: MGB app initialized
2025-05-26T14:02:29.767841Z  INFO mgb_rust: MGB app initialized
2025-05-26T14:02:55.210039Z  INFO mgb_rust: MGB app initialized
2025-05-26T14:03:05.511479Z  INFO mgb_rust: MGB app initialized
2025-12-15T16:30:57.413406Z  INFO mgb_rust: MGB app initialized
2025-12-15T16:34:20.370280Z  INFO mgb_rust: MGB app initialized
2025-12-15T16:34:54.825589Z  INFO mgb_rust: MGB app initialized
2025-12-15T16:34:54.828953Z  INFO mgb_rust: Database connected successfully
2025-12-15T16:34:54.829377Z  INFO mgb_rust: Server listening on 127.0.0.1:3000
2025-12-15T16:35:12.871670Z  INFO mgb_rust::api: Creating new record: "Test"
2025-12-15T16:35:12.872748Z  INFO mgb_rust::api: Record created successfully with id: 1
2025-12-15T16:35:19.080889Z  INFO mgb_rust::api: Fetching all records
2025-12-15T16:35:19.081290Z  INFO mgb_rust::api: Retrieved 1 records
2025-12-15T16:35:20.799297Z  INFO mgb_rust::api: Fetching all records
2025-12-15T16:35:20.799623Z  INFO mgb_rust::api: Retrieved 1 records
2025-12-15T16:35:28.746060Z  INFO mgb_rust::api: Creating new record: "Test2"
2025-12-15T16:35:28.747310Z  INFO mgb_rust::api: Record created successfully with id: 2
2025-12-15T16:35:30.856891Z  INFO mgb_rust::api: Fetching all records
2025-12-15T16:35:30.857243Z  INFO mgb_rust::api: Retrieved 2 records
2025-12-15T17:04:23.938520Z  INFO mgb_rust: MGB app initialized
2025-12-15T17:04:23.941187Z  INFO mgb_rust: Database connected successfully
2025-12-15T17:04:23.941880Z  INFO mgb_rust: Server listening on 127.0.0.1:3000
2025-12-15T17:12:01.224372Z  INFO mgb_rust: MGB app initialized
2025-12-15T17:12:01.227316Z  INFO mgb_rust: Database connected successfully
2025-12-15T17:12:01.227964Z  INFO mgb_rust: Server listening on 127.0.0.1:3000
2025-12-15T17:12:29.188909Z  INFO mgb_rust::api::record: Fetching all records
2025-12-15T17:12:29.189803Z  INFO mgb_rust::api::record: Retrieved 2 records
2025-12-15T18:21:57.996651Z  INFO mgb_rust: MGB app initialized
2025-12-15T18:21:57.999188Z  INFO mgb_rust: Database connected successfully
2025-12-15T18:21:57.999621Z  INFO mgb_rust: Server listening on 127.0.0.1:3000
2025-12-15T18:21:59.979760Z  INFO mgb_rust::api::record: Fetching all records
2025-12-15T18:21:59.980129Z  INFO mgb_rust::api::record: Retrieved 2 records
2025-12-17T16:29:53.651811Z  INFO mgb_rust: MGB app initialized
2025-12-17T16:29:53.655288Z  INFO mgb_rust: Database connected successfully
2025-12-17T16:29:53.655726Z  INFO mgb_rust: Server listening on 127.0.0.1:3000
2025-12-17T16:31:13.525583Z  INFO mgb_rust: MGB app initialized
2025-12-17T16:31:13.528492Z  INFO mgb_rust: Database connected successfully
2025-12-17T16:31:13.529059Z  INFO mgb_rust: Server listening on 127.0.0.1:3000
2025-12-17T16:31:49.227666Z  INFO mgb_rust: MGB app initialized
2025-12-17T16:31:49.230318Z  INFO mgb_rust: Database connected successfully
2025-12-17T16:31:49.231123Z  INFO mgb_rust: Server listening on 127.0.0.1:3000
2025-12-17T16:32:28.253505Z  INFO mgb_rust: MGB app initialized
2025-12-17T16:32:28.256278Z  INFO mgb_rust: Database connected successfully
2025-12-17T16:32:28.256879Z  INFO mgb_rust: Server listening on 127.0.0.1:3000
2025-12-17T16:32:56.211595Z  INFO mgb_rust: MGB app initialized
2025-12-17T16:32:56.214828Z  INFO mgb_rust: Database connected successfully
2025-12-17T16:34:39.003841Z  INFO mgb_rust: MGB app initialized
2025-12-17T16:34:39.006425Z  INFO mgb_rust: Database connected successfully
2025-12-17T16:34:39.006926Z  INFO mgb_rust: Server listening on 127.0.0.1:3000
